// Jest Snapshot v1, https://goo.gl/fbAQLP

exports[`Button should match snapshot 1`] = `
<button
  className="sc-bdnylx jVGWqE"
  type="button"
/>
`;
