// Jest Snapshot v1, https://goo.gl/fbAQLP

exports[`TextBox should match snapshot 1`] = `
<input
  className="sc-bdnylx hOLBdM"
/>
`;
