// Jest Snapshot v1, https://goo.gl/fbAQLP

exports[`AuthControl should match snapshot 1`] = `
<div
  className="sc-fujyUd jckZIw"
>
  <div
    className="sc-iCoHVE gFQtYa"
  />
  <div
    className="sc-jSFkmK hKAhHA"
  >
    <svg
      aria-hidden="true"
      className="svg-inline--fa fa-times-circle fa-w-16 sc-eCApGN iIDrVw sc-gKAblj hNbhFL"
      data-icon="times-circle"
      data-prefix="far"
      focusable="false"
      onClick={[Function]}
      role="img"
      style={Object {}}
      viewBox="0 0 512 512"
      xmlns="http://www.w3.org/2000/svg"
    >
      <path
        d="M256 8C119 8 8 119 8 256s111 248 248 248 248-111 248-248S393 8 256 8zm0 448c-110.5 0-200-89.5-200-200S145.5 56 256 56s200 89.5 200 200-89.5 200-200 200zm101.8-262.2L295.6 256l62.2 62.2c4.7 4.7 4.7 12.3 0 17l-22.6 22.6c-4.7 4.7-12.3 4.7-17 0L256 295.6l-62.2 62.2c-4.7 4.7-12.3 4.7-17 0l-22.6-22.6c-4.7-4.7-4.7-12.3 0-17l62.2-62.2-62.2-62.2c-4.7-4.7-4.7-12.3 0-17l22.6-22.6c4.7-4.7 12.3-4.7 17 0l62.2 62.2 62.2-62.2c4.7-4.7 12.3-4.7 17 0l22.6 22.6c4.7 4.7 4.7 12.3 0 17z"
        fill="currentColor"
        style={Object {}}
      />
    </svg>
    <div
      className="sc-iqAbSa bpCQPw"
    >
      <form
        className="sc-dlnjPT ipzAHw"
        onSubmit={[Function]}
      >
        <h2
          className="sc-hKFyIo gtPKvJ"
        >
          Log In
        </h2>
        <input
          className="sc-gtssRu kxlfKJ"
          name="email"
          onChange={[Function]}
          placeholder="Email"
          type="text"
        />
        <input
          className="sc-gtssRu kxlfKJ"
          name="password"
          onChange={[Function]}
          placeholder="Password"
          type="password"
        />
        <button
          className="sc-bdnylx jVGWqE"
          type="submit"
        >
          Submit
        </button>
      </form>
      <div
        className="sc-pNWxx jwgywA"
      >
        <p
          className="sc-kEqYlL ggCAmS"
        >
          Forgot you password? Click 
          <span
            className="sc-jrsJCI hfCMIf"
            onClick={[Function]}
          >
            here
          </span>
        </p>
        <p
          className="sc-kEqYlL ggCAmS"
        >
          Don't have an account? Register 
          <span
            className="sc-jrsJCI hfCMIf"
            onClick={[Function]}
          >
            here
          </span>
        </p>
      </div>
    </div>
  </div>
</div>
`;
