// Jest Snapshot v1, https://goo.gl/fbAQLP

exports[`Drawer should match snapshot 1`] = `
.c1:hover {
  cursor: pointer;
}

.c2 {
  -webkit-align-self: flex-end;
  -ms-flex-item-align: end;
  align-self: flex-end;
  margin: 10px 10px 0 10px;
}

.c0 {
  border-style: solid;
  border-width: 0 2px 0 0;
  box-shadow: 2px 0 4px 0;
  display: -webkit-box;
  display: -webkit-flex;
  display: -ms-flexbox;
  display: flex;
  -webkit-flex: 0;
  -ms-flex: 0;
  flex: 0;
  -webkit-flex-direction: column;
  -ms-flex-direction: column;
  flex-direction: column;
  height: 100%;
  -webkit-transition: 0.4s;
  transition: 0.4s;
  width: auto;
}

<div
  className="c0"
  open={false}
>
  <svg
    aria-hidden="true"
    className="svg-inline--fa fa-bars fa-w-14 c1 c2"
    data-icon="bars"
    data-prefix="fas"
    focusable="false"
    onClick={[Function]}
    role="img"
    style={Object {}}
    viewBox="0 0 448 512"
    xmlns="http://www.w3.org/2000/svg"
  >
    <path
      d="M16 132h416c8.837 0 16-7.163 16-16V76c0-8.837-7.163-16-16-16H16C7.163 60 0 67.163 0 76v40c0 8.837 7.163 16 16 16zm0 160h416c8.837 0 16-7.163 16-16v-40c0-8.837-7.163-16-16-16H16c-8.837 0-16 7.163-16 16v40c0 8.837 7.163 16 16 16zm0 160h416c8.837 0 16-7.163 16-16v-40c0-8.837-7.163-16-16-16H16c-8.837 0-16 7.163-16 16v40c0 8.837 7.163 16 16 16z"
      fill="currentColor"
      style={Object {}}
    />
  </svg>
</div>
`;
