// Jest Snapshot v1, https://goo.gl/fbAQLP

exports[`Link - Common Tests should match snapshot 1`] = `
.c0 {
  color: #ffffff;
  margin: 0;
}

<a
  className="c0 "
  href="/"
  onClick={[Function]}
>
  here
</a>
`;
