// Jest Snapshot v1, https://goo.gl/fbAQLP

exports[` - Common Tests should match snapshot 1`] = `
.c0 {
  background-color: #1ebad9;
  border-color: #1ebad9;
  border-radius: 5px;
  border-style: solid;
  box-shadow: 2px 2px #188aa1;
  margin: 10px;
  padding: 2.5px 5px;
}

.c0:active {
  box-shadow: 1px 1px #188aa1;
  -webkit-transform: translateY(1px) translateX(1px);
  -ms-transform: translateY(1px) translateX(1px);
  transform: translateY(1px) translateX(1px);
}

.c0:focus {
  outline: 0;
}

.c0:hover {
  cursor: pointer;
}

<button
  className="c0"
  onClick={[Function]}
  type="submit"
>
  Submit
</button>
`;
