// Jest Snapshot v1, https://goo.gl/fbAQLP

exports[`MenuItem - Common Tests should match snapshot 1`] = `
.c0 {
  border-radius: 5px;
  border-style: solid;
  background-color: #5b5b5b;
  border-color: #5b5b5b;
  -webkit-flex: 0.25;
  -ms-flex: 0.25;
  flex: 0.25;
  margin: 5px;
  position: relative;
  -webkit-transition: 0.3s;
  transition: 0.3s;
}

.c0:hover {
  cursor: pointer;
}

.c0:hover {
  box-shadow: 0 8px 16px 0 #000000;
}

.c1 {
  color: #ffffff;
  margin: 0;
  text-align: left;
}

<div
  className="c0"
  onClick={[Function]}
  value={0.25}
>
  <h5
    className="c1"
    size="medium"
    type="body"
  >
    Test
  </h5>
</div>
`;
