// Jest Snapshot v1, https://goo.gl/fbAQLP

exports[`Container - Common Tests should match snapshot 1`] = `
.c0 {
  -webkit-flex: 1;
  -ms-flex: 1;
  flex: 1;
  -webkit-text-decoration: none;
  text-decoration: none;
}

<a
  className="c0"
  href="/"
  onClick={[Function]}
/>
`;
