// Jest Snapshot v1, https://goo.gl/fbAQLP

exports[`Popup - Common Tests should match snapshot 1`] = `
.c3 {
  border-radius: 5px;
  border-style: solid;
  background-color: #5b5b5b;
  box-shadow: 0 4px 8px 0 #000000;
  border-color: #5b5b5b;
  -webkit-flex: 0.3;
  -ms-flex: 0.3;
  flex: 0.3;
  margin: 5px;
  position: relative;
  -webkit-transition: 0.3s;
  transition: 0.3s;
}

.c3:hover {
  box-shadow: 0 8px 16px 0 #000000;
}

.c6 {
  color: #ffffff;
}

.c6:hover {
  cursor: pointer;
}

.c1 {
  background-color: #ffffff;
  height: 100%;
  opacity: 0.5;
  position: absolute;
  width: 100%;
}

.c0 {
  -webkit-align-items: unset;
  -webkit-box-align: unset;
  -ms-flex-align: unset;
  align-items: unset;
  bottom: unset;
  box-sizing: border-box;
  display: -webkit-box;
  display: -webkit-flex;
  display: -ms-flexbox;
  display: flex;
  -webkit-flex: 1;
  -ms-flex: 1;
  flex: 1;
  -webkit-flex-direction: unset;
  -ms-flex-direction: unset;
  flex-direction: unset;
  -webkit-box-pack: space-around;
  -webkit-justify-content: space-around;
  -ms-flex-pack: space-around;
  justify-content: space-around;
  left: unset;
  position: unset;
  right: unset;
  top: unset;
}

.c2 {
  -webkit-align-items: unset;
  -webkit-box-align: unset;
  -ms-flex-align: unset;
  align-items: unset;
  bottom: unset;
  box-sizing: border-box;
  display: -webkit-box;
  display: -webkit-flex;
  display: -ms-flexbox;
  display: flex;
  -webkit-flex: 0.3;
  -ms-flex: 0.3;
  flex: 0.3;
  -webkit-flex-direction: column;
  -ms-flex-direction: column;
  flex-direction: column;
  -webkit-box-pack: space-around;
  -webkit-justify-content: space-around;
  -ms-flex-pack: space-around;
  justify-content: space-around;
  left: unset;
  position: unset;
  right: unset;
  top: unset;
}

.c4 {
  padding: 10px;
  -webkit-align-items: unset;
  -webkit-box-align: unset;
  -ms-flex-align: unset;
  align-items: unset;
  bottom: unset;
  box-sizing: border-box;
  display: -webkit-box;
  display: -webkit-flex;
  display: -ms-flexbox;
  display: flex;
  -webkit-flex: 1;
  -ms-flex: 1;
  flex: 1;
  -webkit-flex-direction: unset;
  -ms-flex-direction: unset;
  flex-direction: unset;
  -webkit-box-pack: unset;
  -webkit-justify-content: unset;
  -ms-flex-pack: unset;
  justify-content: unset;
  left: unset;
  position: unset;
  right: unset;
  top: unset;
}

.c5 {
  -webkit-align-items: unset;
  -webkit-box-align: unset;
  -ms-flex-align: unset;
  align-items: unset;
  bottom: unset;
  box-sizing: border-box;
  display: -webkit-box;
  display: -webkit-flex;
  display: -ms-flexbox;
  display: flex;
  -webkit-flex: 1;
  -ms-flex: 1;
  flex: 1;
  -webkit-flex-direction: unset;
  -ms-flex-direction: unset;
  flex-direction: unset;
  -webkit-box-pack: unset;
  -webkit-justify-content: unset;
  -ms-flex-pack: unset;
  justify-content: unset;
  left: unset;
  position: absolute;
  right: 10px;
  top: unset;
}

<div
  className="c0"
  value={1}
>
  <div
    className="c1"
    onClick={[Function]}
  />
  <div
    className="c2"
    value={0.3}
  >
    <div
      className="c3"
      value={0.3}
    >
      <div
        className="c4"
        value={1}
      >
        <div
          className="c5"
          value={1}
        >
          <svg
            aria-hidden="true"
            className="svg-inline--fa fa-times-circle fa-w-16 c6"
            data-icon="times-circle"
            data-prefix="far"
            focusable="false"
            onClick={[Function]}
            role="img"
            style={Object {}}
            viewBox="0 0 512 512"
            xmlns="http://www.w3.org/2000/svg"
          >
            <path
              d="M256 8C119 8 8 119 8 256s111 248 248 248 248-111 248-248S393 8 256 8zm0 448c-110.5 0-200-89.5-200-200S145.5 56 256 56s200 89.5 200 200-89.5 200-200 200zm101.8-262.2L295.6 256l62.2 62.2c4.7 4.7 4.7 12.3 0 17l-22.6 22.6c-4.7 4.7-12.3 4.7-17 0L256 295.6l-62.2 62.2c-4.7 4.7-12.3 4.7-17 0l-22.6-22.6c-4.7-4.7-4.7-12.3 0-17l62.2-62.2-62.2-62.2c-4.7-4.7-4.7-12.3 0-17l22.6-22.6c4.7-4.7 12.3-4.7 17 0l62.2 62.2 62.2-62.2c4.7-4.7 12.3-4.7 17 0l22.6 22.6c4.7 4.7 4.7 12.3 0 17z"
              fill="currentColor"
              style={Object {}}
            />
          </svg>
        </div>
        
      </div>
    </div>
  </div>
</div>
`;
