// Jest Snapshot v1, https://goo.gl/fbAQLP

exports[`ScreenOverlay - Common Tests should match snapshot 1`] = `
<div
  className=""
/>
`;
