// Jest Snapshot v1, https://goo.gl/fbAQLP

exports[`Loader - Common Tests should match snapshot 1`] = `
.c0 {
  -webkit-animation: cJiLXh 1s linear infinite;
  animation: cJiLXh 1s linear infinite;
  border: 4px solid transparent;
  border-radius: 50%;
  border-top: 4px solid #188aa1;
  height: 10px;
  width: 10px;
}

<div
  className="c0"
  size="small"
/>
`;
