// Jest Snapshot v1, https://goo.gl/fbAQLP

exports[`Text - Common Tests should match snapshot 1`] = `
.c0 {
  text-align: left;
  color: #ffffff;
  margin: 0;
}

<p
  className="c0"
  type="p"
>
  
</p>
`;
