// Jest Snapshot v1, https://goo.gl/fbAQLP

exports[`Notes should match snapshot 1`] = `
<div>
  Notes
</div>
`;
